// Jest Snapshot v1, https://goo.gl/fbAQLP

exports[`TweetList renders correctly 1`] = `
ShallowWrapper {
  Symbol(enzyme.__root__): [Circular],
  Symbol(enzyme.__unrendered__): <TweetList
    tweets={
      Array [
        Object {
          "id_str": "1",
          "text": "uno",
        },
        Object {
          "id_str": "2",
          "text": "dos",
        },
        Object {
          "id_str": "3",
          "text": "tres",
        },
      ]
    }
  />,
  Symbol(enzyme.__renderer__): Object {
    "batchedUpdates": [Function],
    "checkPropTypes": [Function],
    "getNode": [Function],
    "render": [Function],
    "simulateError": [Function],
    "simulateEvent": [Function],
    "unmount": [Function],
  },
  Symbol(enzyme.__node__): Object {
    "instance": null,
    "key": undefined,
    "nodeType": "host",
    "props": Object {
      "children": Array [
        <Tweet
          data={
            Object {
              "id_str": "1",
              "text": "uno",
            }
          }
          linkProps={Object {}}
        />,
        <Tweet
          data={
            Object {
              "id_str": "2",
              "text": "dos",
            }
          }
          linkProps={Object {}}
        />,
        <Tweet
          data={
            Object {
              "id_str": "3",
              "text": "tres",
            }
          }
          linkProps={Object {}}
        />,
      ],
    },
    "ref": null,
    "rendered": Array [
      Object {
        "instance": null,
        "key": "1",
        "nodeType": "class",
        "props": Object {
          "data": Object {
            "id_str": "1",
            "text": "uno",
          },
          "linkProps": Object {},
        },
        "ref": null,
        "rendered": null,
        "type": [Function],
      },
      Object {
        "instance": null,
        "key": "2",
        "nodeType": "class",
        "props": Object {
          "data": Object {
            "id_str": "2",
            "text": "dos",
          },
          "linkProps": Object {},
        },
        "ref": null,
        "rendered": null,
        "type": [Function],
      },
      Object {
        "instance": null,
        "key": "3",
        "nodeType": "class",
        "props": Object {
          "data": Object {
            "id_str": "3",
            "text": "tres",
          },
          "linkProps": Object {},
        },
        "ref": null,
        "rendered": null,
        "type": [Function],
      },
    ],
    "type": "div",
  },
  Symbol(enzyme.__nodes__): Array [
    Object {
      "instance": null,
      "key": undefined,
      "nodeType": "host",
      "props": Object {
        "children": Array [
          <Tweet
            data={
              Object {
                "id_str": "1",
                "text": "uno",
              }
            }
            linkProps={Object {}}
          />,
          <Tweet
            data={
              Object {
                "id_str": "2",
                "text": "dos",
              }
            }
            linkProps={Object {}}
          />,
          <Tweet
            data={
              Object {
                "id_str": "3",
                "text": "tres",
              }
            }
            linkProps={Object {}}
          />,
        ],
      },
      "ref": null,
      "rendered": Array [
        Object {
          "instance": null,
          "key": "1",
          "nodeType": "class",
          "props": Object {
            "data": Object {
              "id_str": "1",
              "text": "uno",
            },
            "linkProps": Object {},
          },
          "ref": null,
          "rendered": null,
          "type": [Function],
        },
        Object {
          "instance": null,
          "key": "2",
          "nodeType": "class",
          "props": Object {
            "data": Object {
              "id_str": "2",
              "text": "dos",
            },
            "linkProps": Object {},
          },
          "ref": null,
          "rendered": null,
          "type": [Function],
        },
        Object {
          "instance": null,
          "key": "3",
          "nodeType": "class",
          "props": Object {
            "data": Object {
              "id_str": "3",
              "text": "tres",
            },
            "linkProps": Object {},
          },
          "ref": null,
          "rendered": null,
          "type": [Function],
        },
      ],
      "type": "div",
    },
  ],
  Symbol(enzyme.__options__): Object {
    "adapter": ReactSixteenAdapter {
      "options": Object {
        "enableComponentDidUpdateOnSetState": true,
        "legacyContextMode": "parent",
        "lifecycles": Object {
          "componentDidUpdate": Object {
            "onSetState": true,
          },
          "getChildContext": Object {
            "calledByRenderer": false,
          },
          "getDerivedStateFromProps": true,
          "getSnapshotBeforeUpdate": true,
          "setState": Object {
            "skipsComponentDidUpdateOnNullish": true,
          },
        },
      },
    },
    "disableLifecycleMethods": true,
  },
}
`;
